::1 - - [28/Aug/2026 22:38:22] "GET /analisis_exploratorio.html HTTP/1.1" 200 -
::1 - - [28/Aug/2026 22:38:26] "GET /analisis_exploratorio.html HTTP/1.1" 200 -
::1 - - [28/Aug/2026 22:38:26] "GET /_static/styles/theme.css?digest=55c26ed414f5f8a31ebb HTTP/1.1" 200 -
::1 - - [28/Aug/2026 22:38:26] "GET /_static/styles/pydata-sphinx-theme.css?digest=55c26ed414f5f8a31ebb HTTP/1.1" 200 -
::1 - - [28/Aug/2026 22:38:26] "GET /_static/styles/sphinx-book-theme.css?v=3c74b3bc HTTP/1.1" 200 -
::1 - - [28/Aug/2026 22:38:26] "GET /_static/pygments.css?v=03e43079 HTTP/1.1" 200 -
::1 - - [28/Aug/2026 22:38:26] "GET /_static/togglebutton.css?v=9c3e77be HTTP/1.1" 200 -
::1 - - [28/Aug/2026 22:38:26] "GET /_static/copybutton.css?v=76b2166b HTTP/1.1" 200 -
::1 - - [28/Aug/2026 22:38:26] "GET /_static/sphinx-thebe.css?v=4fa983c6 HTTP/1.1" 200 -
::1 - - [28/Aug/2026 22:38:26] "GET /_static/mystnb.11b39860a7a0cbfd473a3ad8a317855267ff0bd372690045ca344a6b62be495e.css?v=8cd3d715 HTTP/1.1" 200 -
::1 - - [28/Aug/2026 22:38:26] "GET /_static/sphinx-design.min.css?v=95c83b7e HTTP/1.1" 200 -
::1 - - [28/Aug/2026 22:38:26] "GET /_static/scripts/bootstrap.js?digest=55c26ed414f5f8a31ebb HTTP/1.1" 200 -
::1 - - [28/Aug/2026 22:38:26] "GET /_static/scripts/pydata-sphinx-theme.js?digest=55c26ed414f5f8a31ebb HTTP/1.1" 200 -
::1 - - [28/Aug/2026 22:38:26] "GET /_static/basic.css HTTP/1.1" 200 -
::1 - - [28/Aug/2026 22:38:26] "GET /_static/documentation_options.js?v=9eb32ce0 HTTP/1.1" 200 -
::1 - - [28/Aug/2026 22:38:26] "GET /_static/doctools.js?v=9a2dae69 HTTP/1.1" 200 -
::1 - - [28/Aug/2026 22:38:26] "GET /_static/sphinx_highlight.js?v=dc90522c HTTP/1.1" 200 -
::1 - - [28/Aug/2026 22:38:26] "GET /_static/clipboard.min.js?v=a7894cd8 HTTP/1.1" 200 -
::1 - - [28/Aug/2026 22:38:26] "GET /_static/copybutton.js?v=f281be69 HTTP/1.1" 200 -
::1 - - [28/Aug/2026 22:38:26] "GET /_static/scripts/sphinx-book-theme.js?v=fab101a9 HTTP/1.1" 200 -
::1 - - [28/Aug/2026 22:38:26] "GET /_static/togglebutton.js?v=b8b12719 HTTP/1.1" 200 -
::1 - - [28/Aug/2026 22:38:26] "GET /_static/searchtools.js HTTP/1.1" 200 -
::1 - - [28/Aug/2026 22:38:26] "GET /_static/design-tabs.js?v=f930bc37 HTTP/1.1" 200 -
::1 - - [28/Aug/2026 22:38:26] "GET /searchindex.js HTTP/1.1" 200 -
::1 - - [28/Aug/2026 22:38:26] "GET /_static/language_data.js HTTP/1.1" 200 -
::1 - - [28/Aug/2026 22:38:26] "GET /_static/scripts/fontawesome.js?digest=55c26ed414f5f8a31ebb HTTP/1.1" 200 -
::1 - - [28/Aug/2026 22:38:26] "GET /_static/sphinx-thebe.js?v=c100c467 HTTP/1.1" 200 -
::1 - - [28/Aug/2026 22:38:27] "GET /_static/vendor/fontawesome/webfonts/fa-solid-900.woff2 HTTP/1.1" 200 -
::1 - - [28/Aug/2026 22:38:27] "GET /_static/vendor/fontawesome/webfonts/fa-brands-400.woff2 HTTP/1.1" 200 -
::1 - - [28/Aug/2026 22:38:59] code 404, message File not found
::1 - - [28/Aug/2026 22:38:59] "GET /favicon.ico HTTP/1.1" 404 -
::1 - - [28/Aug/2026 22:39:17] "GET /analisis_exploratorio.html HTTP/1.1" 200 -
::1 - - [28/Aug/2026 22:39:17] "GET /_static/pygments.css?v=03e43079 HTTP/1.1" 200 -
::1 - - [28/Aug/2026 22:39:17] "GET /_static/styles/theme.css?digest=55c26ed414f5f8a31ebb HTTP/1.1" 200 -
::1 - - [28/Aug/2026 22:39:17] "GET /_static/styles/pydata-sphinx-theme.css?digest=55c26ed414f5f8a31ebb HTTP/1.1" 200 -
::1 - - [28/Aug/2026 22:39:17] "GET /_static/styles/sphinx-book-theme.css?v=3c74b3bc HTTP/1.1" 200 -
::1 - - [28/Aug/2026 22:39:17] "GET /_static/togglebutton.css?v=9c3e77be HTTP/1.1" 200 -
::1 - - [28/Aug/2026 22:39:17] "GET /_static/copybutton.css?v=76b2166b HTTP/1.1" 200 -
::1 - - [28/Aug/2026 22:39:18] "GET /_static/sphinx-thebe.css?v=4fa983c6 HTTP/1.1" 200 -
::1 - - [28/Aug/2026 22:39:18] "GET /_static/mystnb.11b39860a7a0cbfd473a3ad8a317855267ff0bd372690045ca344a6b62be495e.css?v=8cd3d715 HTTP/1.1" 200 -
::1 - - [28/Aug/2026 22:39:18] "GET /_static/sphinx-design.min.css?v=95c83b7e HTTP/1.1" 200 -
::1 - - [28/Aug/2026 22:39:18] "GET /_static/basic.css HTTP/1.1" 200 -
::1 - - [28/Aug/2026 22:39:18] "GET /_static/scripts/bootstrap.js?digest=55c26ed414f5f8a31ebb HTTP/1.1" 200 -
::1 - - [28/Aug/2026 22:39:18] "GET /_static/scripts/pydata-sphinx-theme.js?digest=55c26ed414f5f8a31ebb HTTP/1.1" 200 -
::1 - - [28/Aug/2026 22:39:18] "GET /_static/documentation_options.js?v=9eb32ce0 HTTP/1.1" 200 -
::1 - - [28/Aug/2026 22:39:18] "GET /_static/doctools.js?v=9a2dae69 HTTP/1.1" 200 -
::1 - - [28/Aug/2026 22:39:18] "GET /_static/sphinx_highlight.js?v=dc90522c HTTP/1.1" 200 -
::1 - - [28/Aug/2026 22:39:18] "GET /_static/clipboard.min.js?v=a7894cd8 HTTP/1.1" 200 -
::1 - - [28/Aug/2026 22:39:18] "GET /_static/copybutton.js?v=f281be69 HTTP/1.1" 200 -
::1 - - [28/Aug/2026 22:39:18] "GET /_static/scripts/sphinx-book-theme.js?v=fab101a9 HTTP/1.1" 200 -
::1 - - [28/Aug/2026 22:39:18] "GET /_static/togglebutton.js?v=b8b12719 HTTP/1.1" 200 -
::1 - - [28/Aug/2026 22:39:18] "GET /_static/design-tabs.js?v=f930bc37 HTTP/1.1" 200 -
::1 - - [28/Aug/2026 22:39:18] "GET /_static/searchtools.js HTTP/1.1" 200 -
::1 - - [28/Aug/2026 22:39:18] "GET /_static/language_data.js HTTP/1.1" 200 -
::1 - - [28/Aug/2026 22:39:18] "GET /searchindex.js HTTP/1.1" 200 -
::1 - - [28/Aug/2026 22:39:18] "GET /_static/scripts/fontawesome.js?digest=55c26ed414f5f8a31ebb HTTP/1.1" 200 -
::1 - - [28/Aug/2026 22:39:45] code 404, message File not found
::1 - - [28/Aug/2026 22:39:45] "GET /favicon.ico HTTP/1.1" 404 -
